BACKEND DEVELOPER INTERN - ASSIGNMENT VERIFICATION
================================================

✅ BACKEND (PRIMARY FOCUS) - ALL IMPLEMENTED:
- User registration & login APIs with bcrypt password hashing ✅
- JWT authentication with secure token handling ✅
- Role-based access control (user vs admin) ✅
- CRUD APIs for tasks entity with full functionality ✅
- API versioning (/api/v1/) ✅
- Comprehensive error handling & validation (Joi) ✅
- Interactive API documentation (Swagger) ✅
- MongoDB database with optimized schemas ✅
- Task assignment system (assignedTo field) ✅

✅ BASIC FRONTEND (SUPPORTIVE) - ALL IMPLEMENTED:
- React.js application ✅
- User registration & login interface ✅
- Protected dashboard with JWT authentication ✅
- Complete CRUD operations for tasks ✅
- Error/success message handling ✅
- Responsive design ✅

✅ SECURITY & SCALABILITY - ALL IMPLEMENTED:
- Secure JWT token handling ✅
- Input sanitization & validation ✅
- Scalable modular project structure ✅
- Security middleware (helmet, rate limiting, CORS) ✅
- Environment-based configuration ✅

✅ DELIVERABLES - ALL COMPLETE:
- GitHub repository with comprehensive README.md ✅
- Working authentication & CRUD APIs ✅
- Functional frontend connecting to APIs ✅
- Swagger API documentation ✅
- Postman collection included ✅
- Scalability documentation ✅

TESTING RESULTS:
- Authentication: ✅ PASS
- User Registration: ✅ PASS  
- User Login: ✅ PASS
- JWT Token Validation: ✅ PASS
- Task CRUD Operations: ✅ PASS
- Task Assignment System: ✅ PASS
- Role-based Access Control: ✅ PASS
- API Documentation: ✅ PASS
- Frontend Integration: ✅ PASS
- Security Features: ✅ PASS

PROJECT STATUS: 100% COMPLETE - READY FOR SUBMISSION
ALL ASSIGNMENT REQUIREMENTS VERIFIED AND WORKING